Archive member included to satisfy reference by file (symbol)

/opt/st/stm32cubeide_1.0.2/plugins/com.st.stm32cube.ide.mcu.externaltools.gnu-tools-for-stm32.7-2018-q2-update.linux64_1.0.0.201904181610/tools/bin/../lib/gcc/arm-none-eabi/7.3.1/../../../../arm-none-eabi/lib/thumb/v7e-m/fpv5/hard/libc_nano.a(lib_a-errno.o)
                              Src/syscalls.o (__errno)
/opt/st/stm32cubeide_1.0.2/plugins/com.st.stm32cube.ide.mcu.externaltools.gnu-tools-for-stm32.7-2018-q2-update.linux64_1.0.0.201904181610/tools/bin/../lib/gcc/arm-none-eabi/7.3.1/../../../../arm-none-eabi/lib/thumb/v7e-m/fpv5/hard/libc_nano.a(lib_a-exit.o)
                              /opt/st/stm32cubeide_1.0.2/plugins/com.st.stm32cube.ide.mcu.externaltools.gnu-tools-for-stm32.7-2018-q2-update.linux64_1.0.0.201904181610/tools/bin/../lib/gcc/arm-none-eabi/7.3.1/../../../../arm-none-eabi/lib/thumb/v7e-m/fpv5/hard/crt0.o (exit)
/opt/st/stm32cubeide_1.0.2/plugins/com.st.stm32cube.ide.mcu.externaltools.gnu-tools-for-stm32.7-2018-q2-update.linux64_1.0.0.201904181610/tools/bin/../lib/gcc/arm-none-eabi/7.3.1/../../../../arm-none-eabi/lib/thumb/v7e-m/fpv5/hard/libc_nano.a(lib_a-impure.o)
                              /opt/st/stm32cubeide_1.0.2/plugins/com.st.stm32cube.ide.mcu.externaltools.gnu-tools-for-stm32.7-2018-q2-update.linux64_1.0.0.201904181610/tools/bin/../lib/gcc/arm-none-eabi/7.3.1/../../../../arm-none-eabi/lib/thumb/v7e-m/fpv5/hard/libc_nano.a(lib_a-exit.o) (_global_impure_ptr)
/opt/st/stm32cubeide_1.0.2/plugins/com.st.stm32cube.ide.mcu.externaltools.gnu-tools-for-stm32.7-2018-q2-update.linux64_1.0.0.201904181610/tools/bin/../lib/gcc/arm-none-eabi/7.3.1/../../../../arm-none-eabi/lib/thumb/v7e-m/fpv5/hard/libc_nano.a(lib_a-init.o)
                              /opt/st/stm32cubeide_1.0.2/plugins/com.st.stm32cube.ide.mcu.externaltools.gnu-tools-for-stm32.7-2018-q2-update.linux64_1.0.0.201904181610/tools/bin/../lib/gcc/arm-none-eabi/7.3.1/../../../../arm-none-eabi/lib/thumb/v7e-m/fpv5/hard/crt0.o (__libc_init_array)
/opt/st/stm32cubeide_1.0.2/plugins/com.st.stm32cube.ide.mcu.externaltools.gnu-tools-for-stm32.7-2018-q2-update.linux64_1.0.0.201904181610/tools/bin/../lib/gcc/arm-none-eabi/7.3.1/../../../../arm-none-eabi/lib/thumb/v7e-m/fpv5/hard/libc_nano.a(lib_a-memset.o)
                              /opt/st/stm32cubeide_1.0.2/plugins/com.st.stm32cube.ide.mcu.externaltools.gnu-tools-for-stm32.7-2018-q2-update.linux64_1.0.0.201904181610/tools/bin/../lib/gcc/arm-none-eabi/7.3.1/../../../../arm-none-eabi/lib/thumb/v7e-m/fpv5/hard/crt0.o (memset)
/opt/st/stm32cubeide_1.0.2/plugins/com.st.stm32cube.ide.mcu.externaltools.gnu-tools-for-stm32.7-2018-q2-update.linux64_1.0.0.201904181610/tools/bin/../lib/gcc/arm-none-eabi/7.3.1/thumb/v7e-m/fpv5/hard/libgcc.a(_aeabi_uldivmod.o)
                              Drivers/STM32F7xx_HAL_Driver/Src/stm32f7xx_hal_rcc.o (__aeabi_uldivmod)
/opt/st/stm32cubeide_1.0.2/plugins/com.st.stm32cube.ide.mcu.externaltools.gnu-tools-for-stm32.7-2018-q2-update.linux64_1.0.0.201904181610/tools/bin/../lib/gcc/arm-none-eabi/7.3.1/thumb/v7e-m/fpv5/hard/libgcc.a(_udivmoddi4.o)
                              /opt/st/stm32cubeide_1.0.2/plugins/com.st.stm32cube.ide.mcu.externaltools.gnu-tools-for-stm32.7-2018-q2-update.linux64_1.0.0.201904181610/tools/bin/../lib/gcc/arm-none-eabi/7.3.1/thumb/v7e-m/fpv5/hard/libgcc.a(_aeabi_uldivmod.o) (__udivmoddi4)
/opt/st/stm32cubeide_1.0.2/plugins/com.st.stm32cube.ide.mcu.externaltools.gnu-tools-for-stm32.7-2018-q2-update.linux64_1.0.0.201904181610/tools/bin/../lib/gcc/arm-none-eabi/7.3.1/thumb/v7e-m/fpv5/hard/libgcc.a(_dvmd_tls.o)
                              /opt/st/stm32cubeide_1.0.2/plugins/com.st.stm32cube.ide.mcu.externaltools.gnu-tools-for-stm32.7-2018-q2-update.linux64_1.0.0.201904181610/tools/bin/../lib/gcc/arm-none-eabi/7.3.1/thumb/v7e-m/fpv5/hard/libgcc.a(_aeabi_uldivmod.o) (__aeabi_ldiv0)

Allocating common symbols
Common symbol       size              file

uwTick              0x4               Drivers/STM32F7xx_HAL_Driver/Src/stm32f7xx_hal.o
pFlash              0x1c              Drivers/STM32F7xx_HAL_Driver/Src/stm32f7xx_hal_flash.o
htim5               0x40              Src/main.o
htim2               0x40              Src/main.o

Discarded input sections

 .text          0x0000000000000000        0x0 /opt/st/stm32cubeide_1.0.2/plugins/com.st.stm32cube.ide.mcu.externaltools.gnu-tools-for-stm32.7-2018-q2-update.linux64_1.0.0.201904181610/tools/bin/../lib/gcc/arm-none-eabi/7.3.1/thumb/v7e-m/fpv5/hard/crti.o
 .data          0x0000000000000000        0x0 /opt/st/stm32cubeide_1.0.2/plugins/com.st.stm32cube.ide.mcu.externaltools.gnu-tools-for-stm32.7-2018-q2-update.linux64_1.0.0.201904181610/tools/bin/../lib/gcc/arm-none-eabi/7.3.1/thumb/v7e-m/fpv5/hard/crti.o
[...]
Memory Configuration

Name             Origin             Length             Attributes
RAM              0x0000000020000000 0x0000000000080000 xrw
FLASH            0x0000000008000000 0x0000000000200000 xr
*default*        0x0000000000000000 0xffffffffffffffff

Linker script and memory map

LOAD /opt/st/stm32cubeide_1.0.2/plugins/com.st.stm32cube.ide.mcu.externaltools.gnu-tools-for-stm32.7-2018-q2-update.linux64_1.0.0.201904181610/tools/bin/../lib/gcc/arm-none-eabi/7.3.1/thumb/v7e-m/fpv5/hard/crti.o
LOAD /opt/st/stm32cubeide_1.0.2/plugins/com.st.stm32cube.ide.mcu.externaltools.gnu-tools-for-stm32.7-2018-q2-update.linux64_1.0.0.201904181610/tools/bin/../lib/gcc/arm-none-eabi/7.3.1/thumb/v7e-m/fpv5/hard/crtbegin.o
LOAD /opt/st/stm32cubeide_1.0.2/plugins/com.st.stm32cube.ide.mcu.externaltools.gnu-tools-for-stm32.7-2018-q2-update.linux64_1.0.0.201904181610/tools/bin/../lib/gcc/arm-none-eabi/7.3.1/../../../../arm-none-eabi/lib/thumb/v7e-m/fpv5/hard/crt0.o
LOAD Drivers/STM32F7xx_HAL_Driver/Src/stm32f7xx_hal.o
LOAD Drivers/STM32F7xx_HAL_Driver/Src/stm32f7xx_hal_cortex.o
LOAD Drivers/STM32F7xx_HAL_Driver/Src/stm32f7xx_hal_dma.o
LOAD Drivers/STM32F7xx_HAL_Driver/Src/stm32f7xx_hal_dma_ex.o
LOAD Drivers/STM32F7xx_HAL_Driver/Src/stm32f7xx_hal_exti.o
LOAD Drivers/STM32F7xx_HAL_Driver/Src/stm32f7xx_hal_flash.o
LOAD Drivers/STM32F7xx_HAL_Driver/Src/stm32f7xx_hal_flash_ex.o
LOAD Drivers/STM32F7xx_HAL_Driver/Src/stm32f7xx_hal_gpio.o
LOAD Drivers/STM32F7xx_HAL_Driver/Src/stm32f7xx_hal_i2c.o
LOAD Drivers/STM32F7xx_HAL_Driver/Src/stm32f7xx_hal_i2c_ex.o
LOAD Drivers/STM32F7xx_HAL_Driver/Src/stm32f7xx_hal_pwr.o
LOAD Drivers/STM32F7xx_HAL_Driver/Src/stm32f7xx_hal_pwr_ex.o
LOAD Drivers/STM32F7xx_HAL_Driver/Src/stm32f7xx_hal_rcc.o
LOAD Drivers/STM32F7xx_HAL_Driver/Src/stm32f7xx_hal_rcc_ex.o
LOAD Drivers/STM32F7xx_HAL_Driver/Src/stm32f7xx_hal_tim.o
LOAD Drivers/STM32F7xx_HAL_Driver/Src/stm32f7xx_hal_tim_ex.o
LOAD Src/main.o
LOAD Src/stm32f7xx_hal_msp.o
LOAD Src/stm32f7xx_it.o
LOAD Src/syscalls.o
LOAD Src/sysmem.o
LOAD Src/system_stm32f7xx.o
LOAD Startup/startup_stm32f767zitx.o
START GROUP
LOAD /opt/st/stm32cubeide_1.0.2/plugins/com.st.stm32cube.ide.mcu.externaltools.gnu-tools-for-stm32.7-2018-q2-update.linux64_1.0.0.201904181610/tools/bin/../lib/gcc/arm-none-eabi/7.3.1/../../../../arm-none-eabi/lib/thumb/v7e-m/fpv5/hard/libc_nano.a
LOAD /opt/st/stm32cubeide_1.0.2/plugins/com.st.stm32cube.ide.mcu.externaltools.gnu-tools-for-stm32.7-2018-q2-update.linux64_1.0.0.201904181610/tools/bin/../lib/gcc/arm-none-eabi/7.3.1/../../../../arm-none-eabi/lib/thumb/v7e-m/fpv5/hard/libm.a
END GROUP
START GROUP
LOAD /opt/st/stm32cubeide_1.0.2/plugins/com.st.stm32cube.ide.mcu.externaltools.gnu-tools-for-stm32.7-2018-q2-update.linux64_1.0.0.201904181610/tools/bin/../lib/gcc/arm-none-eabi/7.3.1/thumb/v7e-m/fpv5/hard/libgcc.a
LOAD /opt/st/stm32cubeide_1.0.2/plugins/com.st.stm32cube.ide.mcu.externaltools.gnu-tools-for-stm32.7-2018-q2-update.linux64_1.0.0.201904181610/tools/bin/../lib/gcc/arm-none-eabi/7.3.1/../../../../arm-none-eabi/lib/thumb/v7e-m/fpv5/hard/libc_nano.a
END GROUP
START GROUP
LOAD /opt/st/stm32cubeide_1.0.2/plugins/com.st.stm32cube.ide.mcu.externaltools.gnu-tools-for-stm32.7-2018-q2-update.linux64_1.0.0.201904181610/tools/bin/../lib/gcc/arm-none-eabi/7.3.1/thumb/v7e-m/fpv5/hard/libgcc.a
LOAD /opt/st/stm32cubeide_1.0.2/plugins/com.st.stm32cube.ide.mcu.externaltools.gnu-tools-for-stm32.7-2018-q2-update.linux64_1.0.0.201904181610/tools/bin/../lib/gcc/arm-none-eabi/7.3.1/../../../../arm-none-eabi/lib/thumb/v7e-m/fpv5/hard/libc_nano.a
LOAD /opt/st/stm32cubeide_1.0.2/plugins/com.st.stm32cube.ide.mcu.externaltools.gnu-tools-for-stm32.7-2018-q2-update.linux64_1.0.0.201904181610/tools/bin/../lib/gcc/arm-none-eabi/7.3.1/../../../../arm-none-eabi/lib/thumb/v7e-m/fpv5/hard/libnosys.a
END GROUP
START GROUP
LOAD /opt/st/stm32cubeide_1.0.2/plugins/com.st.stm32cube.ide.mcu.externaltools.gnu-tools-for-stm32.7-2018-q2-update.linux64_1.0.0.201904181610/tools/bin/../lib/gcc/arm-none-eabi/7.3.1/thumb/v7e-m/fpv5/hard/libgcc.a
LOAD /opt/st/stm32cubeide_1.0.2/plugins/com.st.stm32cube.ide.mcu.externaltools.gnu-tools-for-stm32.7-2018-q2-update.linux64_1.0.0.201904181610/tools/bin/../lib/gcc/arm-none-eabi/7.3.1/../../../../arm-none-eabi/lib/thumb/v7e-m/fpv5/hard/libc_nano.a
LOAD /opt/st/stm32cubeide_1.0.2/plugins/com.st.stm32cube.ide.mcu.externaltools.gnu-tools-for-stm32.7-2018-q2-update.linux64_1.0.0.201904181610/tools/bin/../lib/gcc/arm-none-eabi/7.3.1/../../../../arm-none-eabi/lib/thumb/v7e-m/fpv5/hard/libnosys.a
END GROUP
LOAD /opt/st/stm32cubeide_1.0.2/plugins/com.st.stm32cube.ide.mcu.externaltools.gnu-tools-for-stm32.7-2018-q2-update.linux64_1.0.0.201904181610/tools/bin/../lib/gcc/arm-none-eabi/7.3.1/thumb/v7e-m/fpv5/hard/crtend.o
LOAD /opt/st/stm32cubeide_1.0.2/plugins/com.st.stm32cube.ide.mcu.externaltools.gnu-tools-for-stm32.7-2018-q2-update.linux64_1.0.0.201904181610/tools/bin/../lib/gcc/arm-none-eabi/7.3.1/thumb/v7e-m/fpv5/hard/crtn.o
                0x0000000020080000                _estack = 0x20080000
                0x0000000000000200                _Min_Heap_Size = 0x200
                0x0000000000000400                _Min_Stack_Size = 0x400

.isr_vector     0x0000000008000000      0x1f8
                0x0000000008000000                . = ALIGN (0x4)
 *(.isr_vector)
 .isr_vector    0x0000000008000000      0x1f8 Startup/startup_stm32f767zitx.o
                0x0000000008000000                g_pfnVectors
                0x00000000080001f8                . = ALIGN (0x4)

.text           0x00000000080001f8     0x1b28
                0x00000000080001f8                . = ALIGN (0x4)
 *(.text)
 .text          0x00000000080001f8       0x40 /opt/st/stm32cubeide_1.0.2/plugins/com.st.stm32cube.ide.mcu.externaltools.gnu-tools-for-stm32.7-2018-q2-update.linux64_1.0.0.201904181610/tools/bin/../lib/gcc/arm-none-eabi/7.3.1/thumb/v7e-m/fpv5/hard/crtbegin.o
 .text          0x0000000008000238       0x30 /opt/st/stm32cubeide_1.0.2/plugins/com.st.stm32cube.ide.mcu.externaltools.gnu-tools-for-stm32.7-2018-q2-update.linux64_1.0.0.201904181610/tools/bin/../lib/gcc/arm-none-eabi/7.3.1/thumb/v7e-m/fpv5/hard/libgcc.a(_aeabi_uldivmod.o)
                0x0000000008000238                __aeabi_uldivmod
 .text          0x0000000008000268      0x2cc /opt/st/stm32cubeide_1.0.2/plugins/com.st.stm32cube.ide.mcu.externaltools.gnu-tools-for-stm32.7-2018-q2-update.linux64_1.0.0.201904181610/tools/bin/../lib/gcc/arm-none-eabi/7.3.1/thumb/v7e-m/fpv5/hard/libgcc.a(_udivmoddi4.o)
                0x0000000008000268                __udivmoddi4
 .text          0x0000000008000534        0x4 /opt/st/stm32cubeide_1.0.2/plugins/com.st.stm32cube.ide.mcu.externaltools.gnu-tools-for-stm32.7-2018-q2-update.linux64_1.0.0.201904181610/tools/bin/../lib/gcc/arm-none-eabi/7.3.1/thumb/v7e-m/fpv5/hard/libgcc.a(_dvmd_tls.o)
                0x0000000008000534                __aeabi_ldiv0
                0x0000000008000534                __aeabi_idiv0
 *(.text*)
 .text.HAL_Init
                0x0000000008000538       0x1a Drivers/STM32F7xx_HAL_Driver/Src/stm32f7xx_hal.o
                0x0000000008000538                HAL_Init
 *fill*         0x0000000008000552        0x2 
 .text.HAL_InitTick
                0x0000000008000554       0x60 Drivers/STM32F7xx_HAL_Driver/Src/stm32f7xx_hal.o
                0x0000000008000554                HAL_InitTick
 .text.HAL_IncTick
                0x00000000080005b4       0x28 Drivers/STM32F7xx_HAL_Driver/Src/stm32f7xx_hal.o
                0x00000000080005b4                HAL_IncTick
 .text.HAL_GetTick
                0x00000000080005dc       0x18 Drivers/STM32F7xx_HAL_Driver/Src/stm32f7xx_hal.o
                0x00000000080005dc                HAL_GetTick
 .text.__NVIC_SetPriorityGrouping
                0x00000000080005f4       0x48 Drivers/STM32F7xx_HAL_Driver/Src/stm32f7xx_hal_cortex.o
 .text.__NVIC_GetPriorityGrouping
                0x000000000800063c       0x1c Drivers/STM32F7xx_HAL_Driver/Src/stm32f7xx_hal_cortex.o
 .text.__NVIC_SetPriority
                0x0000000008000658       0x54 Drivers/STM32F7xx_HAL_Driver/Src/stm32f7xx_hal_cortex.o
 .text.NVIC_EncodePriority
                0x00000000080006ac       0x66 Drivers/STM32F7xx_HAL_Driver/Src/stm32f7xx_hal_cortex.o
 *fill*         0x0000000008000712        0x2 
 .text.SysTick_Config
                0x0000000008000714       0x44 Drivers/STM32F7xx_HAL_Driver/Src/stm32f7xx_hal_cortex.o
 .text.HAL_NVIC_SetPriorityGrouping
                0x0000000008000758       0x16 Drivers/STM32F7xx_HAL_Driver/Src/stm32f7xx_hal_cortex.o
                0x0000000008000758                HAL_NVIC_SetPriorityGrouping
 .text.HAL_NVIC_SetPriority
                0x000000000800076e       0x38 Drivers/STM32F7xx_HAL_Driver/Src/stm32f7xx_hal_cortex.o
                0x000000000800076e                HAL_NVIC_SetPriority
 .text.HAL_SYSTICK_Config
                0x00000000080007a6       0x18 Drivers/STM32F7xx_HAL_Driver/Src/stm32f7xx_hal_cortex.o
                0x00000000080007a6                HAL_SYSTICK_Config
 *fill*         0x00000000080007be        0x2 
 .text.HAL_GPIO_Init
                0x00000000080007c0      0x354 Drivers/STM32F7xx_HAL_Driver/Src/stm32f7xx_hal_gpio.o
                0x00000000080007c0                HAL_GPIO_Init
 .text.HAL_RCC_OscConfig
                0x0000000008000b14      0x4e4 Drivers/STM32F7xx_HAL_Driver/Src/stm32f7xx_hal_rcc.o
                0x0000000008000b14                HAL_RCC_OscConfig
 .text.HAL_RCC_ClockConfig
                0x0000000008000ff8      0x1d0 Drivers/STM32F7xx_HAL_Driver/Src/stm32f7xx_hal_rcc.o
                0x0000000008000ff8                HAL_RCC_ClockConfig
 .text.HAL_RCC_GetSysClockFreq
                0x00000000080011c8      0x164 Drivers/STM32F7xx_HAL_Driver/Src/stm32f7xx_hal_rcc.o
                0x00000000080011c8                HAL_RCC_GetSysClockFreq
 .text.HAL_TIM_Encoder_Init
                0x000000000800132c      0x124 Drivers/STM32F7xx_HAL_Driver/Src/stm32f7xx_hal_tim.o
                0x000000000800132c                HAL_TIM_Encoder_Init
 .text.HAL_TIM_Encoder_Start
                0x0000000008001450       0x6e Drivers/STM32F7xx_HAL_Driver/Src/stm32f7xx_hal_tim.o
                0x0000000008001450                HAL_TIM_Encoder_Start
 *fill*         0x00000000080014be        0x2 
 .text.TIM_Base_SetConfig
                0x00000000080014c0      0x140 Drivers/STM32F7xx_HAL_Driver/Src/stm32f7xx_hal_tim.o
                0x00000000080014c0                TIM_Base_SetConfig
 .text.TIM_CCxChannelCmd
                0x0000000008001600       0x4a Drivers/STM32F7xx_HAL_Driver/Src/stm32f7xx_hal_tim.o
                0x0000000008001600                TIM_CCxChannelCmd
 *fill*         0x000000000800164a        0x2 
 .text.HAL_TIMEx_MasterConfigSynchronization
                0x000000000800164c       0xb8 Drivers/STM32F7xx_HAL_Driver/Src/stm32f7xx_hal_tim_ex.o
                0x000000000800164c                HAL_TIMEx_MasterConfigSynchronization
 .text.main     0x0000000008001704       0xc0 Src/main.o
                0x0000000008001704                main
 .text.SystemClock_Config
                0x00000000080017c4       0xb8 Src/main.o
                0x00000000080017c4                SystemClock_Config
 .text.MX_TIM2_Init
                0x000000000800187c       0xac Src/main.o
 .text.MX_TIM5_Init
                0x0000000008001928       0xac Src/main.o
 .text.MX_GPIO_Init
                0x00000000080019d4       0x48 Src/main.o
 .text.Error_Handler
                0x0000000008001a1c        0xe Src/main.o
                0x0000000008001a1c                Error_Handler
 *fill*         0x0000000008001a2a        0x2 
 .text.HAL_MspInit
                0x0000000008001a2c       0x48 Src/stm32f7xx_hal_msp.o
                0x0000000008001a2c                HAL_MspInit
 .text.HAL_TIM_Encoder_MspInit
                0x0000000008001a74      0x120 Src/stm32f7xx_hal_msp.o
                0x0000000008001a74                HAL_TIM_Encoder_MspInit
 .text.NMI_Handler
                0x0000000008001b94        0xe Src/stm32f7xx_it.o
                0x0000000008001b94                NMI_Handler
 .text.HardFault_Handler
                0x0000000008001ba2        0x6 Src/stm32f7xx_it.o
                0x0000000008001ba2                HardFault_Handler
 .text.MemManage_Handler
                0x0000000008001ba8        0x6 Src/stm32f7xx_it.o
                0x0000000008001ba8                MemManage_Handler
 .text.BusFault_Handler
                0x0000000008001bae        0x6 Src/stm32f7xx_it.o
                0x0000000008001bae                BusFault_Handler
 .text.UsageFault_Handler
                0x0000000008001bb4        0x6 Src/stm32f7xx_it.o
                0x0000000008001bb4                UsageFault_Handler
 .text.SVC_Handler
                0x0000000008001bba        0xe Src/stm32f7xx_it.o
                0x0000000008001bba                SVC_Handler
 .text.DebugMon_Handler
                0x0000000008001bc8        0xe Src/stm32f7xx_it.o
                0x0000000008001bc8                DebugMon_Handler
 .text.PendSV_Handler
                0x0000000008001bd6        0xe Src/stm32f7xx_it.o
                0x0000000008001bd6                PendSV_Handler
 .text.SysTick_Handler
                0x0000000008001be4        0xc Src/stm32f7xx_it.o
                0x0000000008001be4                SysTick_Handler
 .text.SystemInit
                0x0000000008001bf0       0x6c Src/system_stm32f7xx.o
                0x0000000008001bf0                SystemInit
 .text.Reset_Handler
                0x0000000008001c5c       0x50 Startup/startup_stm32f767zitx.o
                0x0000000008001c5c                Reset_Handler
 .text.Default_Handler
                0x0000000008001cac        0x2 Startup/startup_stm32f767zitx.o
                0x0000000008001cac                RTC_Alarm_IRQHandler
                0x0000000008001cac                EXTI2_IRQHandler
                0x0000000008001cac                TIM8_CC_IRQHandler
                0x0000000008001cac                UART8_IRQHandler
                0x0000000008001cac                SPI4_IRQHandler
                0x0000000008001cac                TIM1_CC_IRQHandler
                0x0000000008001cac                DMA2_Stream5_IRQHandler
                0x0000000008001cac                JPEG_IRQHandler
                0x0000000008001cac                DMA1_Stream5_IRQHandler
                0x0000000008001cac                CAN3_RX1_IRQHandler
                0x0000000008001cac                PVD_IRQHandler
                0x0000000008001cac                TAMP_STAMP_IRQHandler
                0x0000000008001cac                CAN2_RX1_IRQHandler
                0x0000000008001cac                EXTI3_IRQHandler
                0x0000000008001cac                TIM8_TRG_COM_TIM14_IRQHandler
                0x0000000008001cac                DFSDM1_FLT1_IRQHandler
                0x0000000008001cac                TIM1_UP_TIM10_IRQHandler
                0x0000000008001cac                TIM8_UP_TIM13_IRQHandler
                0x0000000008001cac                I2C3_ER_IRQHandler
                0x0000000008001cac                DFSDM1_FLT2_IRQHandler
                0x0000000008001cac                EXTI0_IRQHandler
                0x0000000008001cac                I2C2_EV_IRQHandler
                0x0000000008001cac                DMA1_Stream2_IRQHandler
                0x0000000008001cac                CAN1_RX0_IRQHandler
                0x0000000008001cac                FPU_IRQHandler
                0x0000000008001cac                OTG_HS_WKUP_IRQHandler
                0x0000000008001cac                CAN3_SCE_IRQHandler
                0x0000000008001cac                LTDC_ER_IRQHandler
                0x0000000008001cac                CAN2_SCE_IRQHandler
                0x0000000008001cac                DMA2_Stream2_IRQHandler
                0x0000000008001cac                SPI1_IRQHandler
                0x0000000008001cac                TIM6_DAC_IRQHandler
                0x0000000008001cac                TIM1_BRK_TIM9_IRQHandler
                0x0000000008001cac                DCMI_IRQHandler
                0x0000000008001cac                CAN2_RX0_IRQHandler
                0x0000000008001cac                DMA2_Stream3_IRQHandler
                0x0000000008001cac                SAI2_IRQHandler
                0x0000000008001cac                DFSDM1_FLT3_IRQHandler
                0x0000000008001cac                USART6_IRQHandler
                0x0000000008001cac                CAN3_RX0_IRQHandler
                0x0000000008001cac                USART3_IRQHandler
                0x0000000008001cac                CAN1_RX1_IRQHandler
                0x0000000008001cac                UART5_IRQHandler
                0x0000000008001cac                DMA2_Stream0_IRQHandler
                0x0000000008001cac                TIM4_IRQHandler
                0x0000000008001cac                QUADSPI_IRQHandler
                0x0000000008001cac                I2C1_EV_IRQHandler
                0x0000000008001cac                DMA1_Stream6_IRQHandler
                0x0000000008001cac                DMA1_Stream1_IRQHandler
                0x0000000008001cac                UART4_IRQHandler
                0x0000000008001cac                TIM3_IRQHandler
                0x0000000008001cac                RCC_IRQHandler
                0x0000000008001cac                TIM8_BRK_TIM12_IRQHandler
                0x0000000008001cac                Default_Handler
                0x0000000008001cac                CEC_IRQHandler
                0x0000000008001cac                EXTI15_10_IRQHandler
                0x0000000008001cac                ADC_IRQHandler
                0x0000000008001cac                DMA1_Stream7_IRQHandler
                0x0000000008001cac                SPI5_IRQHandler
                0x0000000008001cac                TIM7_IRQHandler
                0x0000000008001cac                SDMMC1_IRQHandler
                0x0000000008001cac                CAN2_TX_IRQHandler
                0x0000000008001cac                TIM5_IRQHandler
                0x0000000008001cac                DMA2_Stream7_IRQHandler
                0x0000000008001cac                I2C3_EV_IRQHandler
                0x0000000008001cac                EXTI9_5_IRQHandler
                0x0000000008001cac                RTC_WKUP_IRQHandler
                0x0000000008001cac                LTDC_IRQHandler
                0x0000000008001cac                ETH_WKUP_IRQHandler
                0x0000000008001cac                SPDIF_RX_IRQHandler
                0x0000000008001cac                SPI2_IRQHandler
                0x0000000008001cac                OTG_HS_EP1_IN_IRQHandler
                0x0000000008001cac                DMA1_Stream0_IRQHandler
                0x0000000008001cac                CAN1_TX_IRQHandler
                0x0000000008001cac                EXTI4_IRQHandler
                0x0000000008001cac                RNG_IRQHandler
                0x0000000008001cac                ETH_IRQHandler
                0x0000000008001cac                OTG_HS_EP1_OUT_IRQHandler
                0x0000000008001cac                WWDG_IRQHandler
                0x0000000008001cac                SPI6_IRQHandler
                0x0000000008001cac                MDIOS_IRQHandler
                0x0000000008001cac                I2C4_EV_IRQHandler
                0x0000000008001cac                CAN3_TX_IRQHandler
                0x0000000008001cac                TIM2_IRQHandler
                0x0000000008001cac                OTG_FS_WKUP_IRQHandler
                0x0000000008001cac                TIM1_TRG_COM_TIM11_IRQHandler
                0x0000000008001cac                OTG_HS_IRQHandler
                0x0000000008001cac                DMA2D_IRQHandler
                0x0000000008001cac                EXTI1_IRQHandler
                0x0000000008001cac                SDMMC2_IRQHandler
                0x0000000008001cac                UART7_IRQHandler
                0x0000000008001cac                USART2_IRQHandler
                0x0000000008001cac                DFSDM1_FLT0_IRQHandler
                0x0000000008001cac                I2C2_ER_IRQHandler
                0x0000000008001cac                DMA2_Stream1_IRQHandler
                0x0000000008001cac                CAN1_SCE_IRQHandler
                0x0000000008001cac                FLASH_IRQHandler
                0x0000000008001cac                DMA2_Stream4_IRQHandler
                0x0000000008001cac                USART1_IRQHandler
                0x0000000008001cac                OTG_FS_IRQHandler
                0x0000000008001cac                SPI3_IRQHandler
                0x0000000008001cac                DMA1_Stream4_IRQHandler
                0x0000000008001cac                I2C1_ER_IRQHandler
                0x0000000008001cac                FMC_IRQHandler
                0x0000000008001cac                LPTIM1_IRQHandler
                0x0000000008001cac                I2C4_ER_IRQHandler
                0x0000000008001cac                DMA2_Stream6_IRQHandler
                0x0000000008001cac                SAI1_IRQHandler
                0x0000000008001cac                DMA1_Stream3_IRQHandler
 *fill*         0x0000000008001cae        0x2 
 .text.__libc_init_array
                0x0000000008001cb0       0x48 /opt/st/stm32cubeide_1.0.2/plugins/com.st.stm32cube.ide.mcu.externaltools.gnu-tools-for-stm32.7-2018-q2-update.linux64_1.0.0.201904181610/tools/bin/../lib/gcc/arm-none-eabi/7.3.1/../../../../arm-none-eabi/lib/thumb/v7e-m/fpv5/hard/libc_nano.a(lib_a-init.o)
                0x0000000008001cb0                __libc_init_array
 .text.memset   0x0000000008001cf8       0x10 /opt/st/stm32cubeide_1.0.2/plugins/com.st.stm32cube.ide.mcu.externaltools.gnu-tools-for-stm32.7-2018-q2-update.linux64_1.0.0.201904181610/tools/bin/../lib/gcc/arm-none-eabi/7.3.1/../../../../arm-none-eabi/lib/thumb/v7e-m/fpv5/hard/libc_nano.a(lib_a-memset.o)
                0x0000000008001cf8                memset
 *(.glue_7)
 .glue_7        0x0000000008001d08        0x0 linker stubs
 *(.glue_7t)
 .glue_7t       0x0000000008001d08        0x0 linker stubs
 *(.eh_frame)
 .eh_frame      0x0000000008001d08        0x0 /opt/st/stm32cubeide_1.0.2/plugins/com.st.stm32cube.ide.mcu.externaltools.gnu-tools-for-stm32.7-2018-q2-update.linux64_1.0.0.201904181610/tools/bin/../lib/gcc/arm-none-eabi/7.3.1/thumb/v7e-m/fpv5/hard/crtbegin.o
 *(.init)
 .init          0x0000000008001d08        0x4 /opt/st/stm32cubeide_1.0.2/plugins/com.st.stm32cube.ide.mcu.externaltools.gnu-tools-for-stm32.7-2018-q2-update.linux64_1.0.0.201904181610/tools/bin/../lib/gcc/arm-none-eabi/7.3.1/thumb/v7e-m/fpv5/hard/crti.o
                0x0000000008001d08                _init
 .init          0x0000000008001d0c        0x8 /opt/st/stm32cubeide_1.0.2/plugins/com.st.stm32cube.ide.mcu.externaltools.gnu-tools-for-stm32.7-2018-q2-update.linux64_1.0.0.201904181610/tools/bin/../lib/gcc/arm-none-eabi/7.3.1/thumb/v7e-m/fpv5/hard/crtn.o
 *(.fini)
 .fini          0x0000000008001d14        0x4 /opt/st/stm32cubeide_1.0.2/plugins/com.st.stm32cube.ide.mcu.externaltools.gnu-tools-for-stm32.7-2018-q2-update.linux64_1.0.0.201904181610/tools/bin/../lib/gcc/arm-none-eabi/7.3.1/thumb/v7e-m/fpv5/hard/crti.o
                0x0000000008001d14                _fini
 .fini          0x0000000008001d18        0x8 /opt/st/stm32cubeide_1.0.2/plugins/com.st.stm32cube.ide.mcu.externaltools.gnu-tools-for-stm32.7-2018-q2-update.linux64_1.0.0.201904181610/tools/bin/../lib/gcc/arm-none-eabi/7.3.1/thumb/v7e-m/fpv5/hard/crtn.o
                0x0000000008001d20                . = ALIGN (0x4)
                0x0000000008001d20                _etext = .

.vfp11_veneer   0x0000000008001d20        0x0
 .vfp11_veneer  0x0000000008001d20        0x0 linker stubs

.v4_bx          0x0000000008001d20        0x0
 .v4_bx         0x0000000008001d20        0x0 linker stubs

.iplt           0x0000000008001d20        0x0
 .iplt          0x0000000008001d20        0x0 /opt/st/stm32cubeide_1.0.2/plugins/com.st.stm32cube.ide.mcu.externaltools.gnu-tools-for-stm32.7-2018-q2-update.linux64_1.0.0.201904181610/tools/bin/../lib/gcc/arm-none-eabi/7.3.1/thumb/v7e-m/fpv5/hard/crtbegin.o

.rodata         0x0000000008001d20       0x10
                0x0000000008001d20                . = ALIGN (0x4)
 *(.rodata)
 *(.rodata*)
 .rodata.AHBPrescTable
                0x0000000008001d20       0x10 Src/system_stm32f7xx.o
                0x0000000008001d20                AHBPrescTable
                0x0000000008001d30                . = ALIGN (0x4)

.ARM.extab      0x0000000008001d30        0x0
                0x0000000008001d30                . = ALIGN (0x4)
 *(.ARM.extab* .gnu.linkonce.armextab.*)
                0x0000000008001d30                . = ALIGN (0x4)

.ARM            0x0000000008001d30        0x8
                0x0000000008001d30                . = ALIGN (0x4)
                0x0000000008001d30                __exidx_start = .
 *(.ARM.exidx*)
 .ARM.exidx     0x0000000008001d30        0x8 /opt/st/stm32cubeide_1.0.2/plugins/com.st.stm32cube.ide.mcu.externaltools.gnu-tools-for-stm32.7-2018-q2-update.linux64_1.0.0.201904181610/tools/bin/../lib/gcc/arm-none-eabi/7.3.1/thumb/v7e-m/fpv5/hard/libgcc.a(_udivmoddi4.o)
                0x0000000008001d38                __exidx_end = .
                0x0000000008001d38                . = ALIGN (0x4)

.rel.dyn        0x0000000008001d38        0x0
 .rel.iplt      0x0000000008001d38        0x0 /opt/st/stm32cubeide_1.0.2/plugins/com.st.stm32cube.ide.mcu.externaltools.gnu-tools-for-stm32.7-2018-q2-update.linux64_1.0.0.201904181610/tools/bin/../lib/gcc/arm-none-eabi/7.3.1/thumb/v7e-m/fpv5/hard/crtbegin.o

.preinit_array  0x0000000008001d38        0x0
                0x0000000008001d38                . = ALIGN (0x4)
                0x0000000008001d38                PROVIDE (__preinit_array_start = .)
 *(.preinit_array*)
                0x0000000008001d38                PROVIDE (__preinit_array_end = .)
                0x0000000008001d38                . = ALIGN (0x4)

.init_array     0x0000000008001d38        0x4
                0x0000000008001d38                . = ALIGN (0x4)
                0x0000000008001d38                PROVIDE (__init_array_start = .)
 *(SORT_BY_NAME(.init_array.*))
 *(.init_array*)
 .init_array    0x0000000008001d38        0x4 /opt/st/stm32cubeide_1.0.2/plugins/com.st.stm32cube.ide.mcu.externaltools.gnu-tools-for-stm32.7-2018-q2-update.linux64_1.0.0.201904181610/tools/bin/../lib/gcc/arm-none-eabi/7.3.1/thumb/v7e-m/fpv5/hard/crtbegin.o
                0x0000000008001d3c                PROVIDE (__init_array_end = .)
                0x0000000008001d3c                . = ALIGN (0x4)

.fini_array     0x0000000008001d3c        0x4
                0x0000000008001d3c                . = ALIGN (0x4)
                [!provide]                        PROVIDE (__fini_array_start = .)
 *(SORT_BY_NAME(.fini_array.*))
 *(.fini_array*)
 .fini_array    0x0000000008001d3c        0x4 /opt/st/stm32cubeide_1.0.2/plugins/com.st.stm32cube.ide.mcu.externaltools.gnu-tools-for-stm32.7-2018-q2-update.linux64_1.0.0.201904181610/tools/bin/../lib/gcc/arm-none-eabi/7.3.1/thumb/v7e-m/fpv5/hard/crtbegin.o
                [!provide]                        PROVIDE (__fini_array_end = .)
                0x0000000008001d40                . = ALIGN (0x4)
                0x0000000008001d40                _sidata = LOADADDR (.data)

.data           0x0000000020000000        0xc load address 0x0000000008001d40
                0x0000000020000000                . = ALIGN (0x4)
                0x0000000020000000                _sdata = .
 *(.data)
 *(.data*)
 .data.uwTickPrio
                0x0000000020000000        0x4 Drivers/STM32F7xx_HAL_Driver/Src/stm32f7xx_hal.o
                0x0000000020000000                uwTickPrio
 .data.uwTickFreq
                0x0000000020000004        0x1 Drivers/STM32F7xx_HAL_Driver/Src/stm32f7xx_hal.o
                0x0000000020000004                uwTickFreq
 *fill*         0x0000000020000005        0x3 
 .data.SystemCoreClock
                0x0000000020000008        0x4 Src/system_stm32f7xx.o
                0x0000000020000008                SystemCoreClock
                0x000000002000000c                . = ALIGN (0x4)
                0x000000002000000c                _edata = .

.igot.plt       0x000000002000000c        0x0 load address 0x0000000008001d4c
 .igot.plt      0x000000002000000c        0x0 /opt/st/stm32cubeide_1.0.2/plugins/com.st.stm32cube.ide.mcu.externaltools.gnu-tools-for-stm32.7-2018-q2-update.linux64_1.0.0.201904181610/tools/bin/../lib/gcc/arm-none-eabi/7.3.1/thumb/v7e-m/fpv5/hard/crtbegin.o
                0x000000002000000c                . = ALIGN (0x4)

.bss            0x000000002000000c       0xa0 load address 0x0000000008001d4c
                0x000000002000000c                _sbss = .
                0x000000002000000c                __bss_start__ = _sbss
 *(.bss)
 .bss           0x000000002000000c       0x1c /opt/st/stm32cubeide_1.0.2/plugins/com.st.stm32cube.ide.mcu.externaltools.gnu-tools-for-stm32.7-2018-q2-update.linux64_1.0.0.201904181610/tools/bin/../lib/gcc/arm-none-eabi/7.3.1/thumb/v7e-m/fpv5/hard/crtbegin.o
 *(.bss*)
 *(COMMON)
 COMMON         0x0000000020000028        0x4 Drivers/STM32F7xx_HAL_Driver/Src/stm32f7xx_hal.o
                0x0000000020000028                uwTick
 COMMON         0x000000002000002c       0x80 Src/main.o
                0x000000002000002c                htim5
                0x000000002000006c                htim2
                0x00000000200000ac                . = ALIGN (0x4)
                0x00000000200000ac                _ebss = .
                0x00000000200000ac                __bss_end__ = _ebss

._user_heap_stack
                0x00000000200000ac      0x604 load address 0x0000000008001d4c
                0x00000000200000b0                . = ALIGN (0x8)
 *fill*         0x00000000200000ac        0x4 
                0x00000000200000b0                PROVIDE (end = .)
                [!provide]                        PROVIDE (_end = .)
                0x00000000200002b0                . = (. + _Min_Heap_Size)
 *fill*         0x00000000200000b0      0x200 
                0x00000000200006b0                . = (. + _Min_Stack_Size)
 *fill*         0x00000000200002b0      0x400 
                0x00000000200006b0                . = ALIGN (0x8)

/DISCARD/
 libc.a(*)
 libm.a(*)
 libgcc.a(*)

.ARM.attributes
                0x0000000000000000       0x2e
 *(.ARM.attributes)
 .ARM.attributes
                0x0000000000000000       0x20 /opt/st/stm32cubeide_1.0.2/plugins/com.st.stm32cube.ide.mcu.externaltools.gnu-tools-for-stm32.7-2018-q2-update.linux64_1.0.0.201904181610/tools/bin/../lib/gcc/arm-none-eabi/7.3.1/thumb/v7e-m/fpv5/hard/crti.o
 .ARM.attributes
                0x0000000000000020       0x32 /opt/st/stm32cubeide_1.0.2/plugins/com.st.stm32cube.ide.mcu.externaltools.gnu-tools-for-stm32.7-2018-q2-update.linux64_1.0.0.201904181610/tools/bin/../lib/gcc/arm-none-eabi/7.3.1/thumb/v7e-m/fpv5/hard/crtbegin.o
 .ARM.attributes
                0x0000000000000052       0x37 Drivers/STM32F7xx_HAL_Driver/Src/stm32f7xx_hal.o
 .ARM.attributes
                0x0000000000000089       0x37 Drivers/STM32F7xx_HAL_Driver/Src/stm32f7xx_hal_cortex.o
 .ARM.attributes
                0x00000000000000c0       0x37 Drivers/STM32F7xx_HAL_Driver/Src/stm32f7xx_hal_gpio.o
 .ARM.attributes
                0x00000000000000f7       0x37 Drivers/STM32F7xx_HAL_Driver/Src/stm32f7xx_hal_rcc.o
 .ARM.attributes
                0x000000000000012e       0x37 Drivers/STM32F7xx_HAL_Driver/Src/stm32f7xx_hal_tim.o
 .ARM.attributes
                0x0000000000000165       0x37 Drivers/STM32F7xx_HAL_Driver/Src/stm32f7xx_hal_tim_ex.o
 .ARM.attributes
                0x000000000000019c       0x37 Src/main.o
 .ARM.attributes
                0x00000000000001d3       0x37 Src/stm32f7xx_hal_msp.o
 .ARM.attributes
                0x000000000000020a       0x37 Src/stm32f7xx_it.o
 .ARM.attributes
                0x0000000000000241       0x37 Src/system_stm32f7xx.o
 .ARM.attributes
                0x0000000000000278       0x21 Startup/startup_stm32f767zitx.o
 .ARM.attributes
                0x0000000000000299       0x32 /opt/st/stm32cubeide_1.0.2/plugins/com.st.stm32cube.ide.mcu.externaltools.gnu-tools-for-stm32.7-2018-q2-update.linux64_1.0.0.201904181610/tools/bin/../lib/gcc/arm-none-eabi/7.3.1/../../../../arm-none-eabi/lib/thumb/v7e-m/fpv5/hard/libc_nano.a(lib_a-init.o)
 .ARM.attributes
                0x00000000000002cb       0x32 /opt/st/stm32cubeide_1.0.2/plugins/com.st.stm32cube.ide.mcu.externaltools.gnu-tools-for-stm32.7-2018-q2-update.linux64_1.0.0.201904181610/tools/bin/../lib/gcc/arm-none-eabi/7.3.1/../../../../arm-none-eabi/lib/thumb/v7e-m/fpv5/hard/libc_nano.a(lib_a-memset.o)
 .ARM.attributes
                0x00000000000002fd       0x20 /opt/st/stm32cubeide_1.0.2/plugins/com.st.stm32cube.ide.mcu.externaltools.gnu-tools-for-stm32.7-2018-q2-update.linux64_1.0.0.201904181610/tools/bin/../lib/gcc/arm-none-eabi/7.3.1/thumb/v7e-m/fpv5/hard/libgcc.a(_aeabi_uldivmod.o)
 .ARM.attributes
                0x000000000000031d       0x32 /opt/st/stm32cubeide_1.0.2/plugins/com.st.stm32cube.ide.mcu.externaltools.gnu-tools-for-stm32.7-2018-q2-update.linux64_1.0.0.201904181610/tools/bin/../lib/gcc/arm-none-eabi/7.3.1/thumb/v7e-m/fpv5/hard/libgcc.a(_udivmoddi4.o)
 .ARM.attributes
                0x000000000000034f       0x20 /opt/st/stm32cubeide_1.0.2/plugins/com.st.stm32cube.ide.mcu.externaltools.gnu-tools-for-stm32.7-2018-q2-update.linux64_1.0.0.201904181610/tools/bin/../lib/gcc/arm-none-eabi/7.3.1/thumb/v7e-m/fpv5/hard/libgcc.a(_dvmd_tls.o)
 .ARM.attributes
                0x000000000000036f       0x20 /opt/st/stm32cubeide_1.0.2/plugins/com.st.stm32cube.ide.mcu.externaltools.gnu-tools-for-stm32.7-2018-q2-update.linux64_1.0.0.201904181610/tools/bin/../lib/gcc/arm-none-eabi/7.3.1/thumb/v7e-m/fpv5/hard/crtn.o
OUTPUT(encoder.elf elf32-littlearm)

.debug_info     0x0000000000000000     0x84ef
 .debug_info    0x0000000000000000      0xa37 Drivers/STM32F7xx_HAL_Driver/Src/stm32f7xx_hal.o
 .debug_info    0x0000000000000a37     0x108c Drivers/STM32F7xx_HAL_Driver/Src/stm32f7xx_hal_cortex.o
 .debug_info    0x0000000000001ac3      0x7e9 Drivers/STM32F7xx_HAL_Driver/Src/stm32f7xx_hal_gpio.o
 .debug_info    0x00000000000022ac      0x987 Drivers/STM32F7xx_HAL_Driver/Src/stm32f7xx_hal_rcc.o
 .debug_info    0x0000000000002c33     0x25ba Drivers/STM32F7xx_HAL_Driver/Src/stm32f7xx_hal_tim.o
 .debug_info    0x00000000000051ed     0x1307 Drivers/STM32F7xx_HAL_Driver/Src/stm32f7xx_hal_tim_ex.o
 .debug_info    0x00000000000064f4      0xc0d Src/main.o
 .debug_info    0x0000000000007101      0xa85 Src/stm32f7xx_hal_msp.o
 .debug_info    0x0000000000007b86      0x20a Src/stm32f7xx_it.o
 .debug_info    0x0000000000007d90      0x73d Src/system_stm32f7xx.o
 .debug_info    0x00000000000084cd       0x22 Startup/startup_stm32f767zitx.o

.debug_abbrev   0x0000000000000000     0x1303
 .debug_abbrev  0x0000000000000000      0x1c7 Drivers/STM32F7xx_HAL_Driver/Src/stm32f7xx_hal.o
 .debug_abbrev  0x00000000000001c7      0x2fa Drivers/STM32F7xx_HAL_Driver/Src/stm32f7xx_hal_cortex.o
 .debug_abbrev  0x00000000000004c1      0x1c9 Drivers/STM32F7xx_HAL_Driver/Src/stm32f7xx_hal_gpio.o
 .debug_abbrev  0x000000000000068a      0x268 Drivers/STM32F7xx_HAL_Driver/Src/stm32f7xx_hal_rcc.o
 .debug_abbrev  0x00000000000008f2      0x230 Drivers/STM32F7xx_HAL_Driver/Src/stm32f7xx_hal_tim.o
 .debug_abbrev  0x0000000000000b22      0x21e Drivers/STM32F7xx_HAL_Driver/Src/stm32f7xx_hal_tim_ex.o
 .debug_abbrev  0x0000000000000d40      0x207 Src/main.o
 .debug_abbrev  0x0000000000000f47      0x19d Src/stm32f7xx_hal_msp.o
 .debug_abbrev  0x00000000000010e4       0xc6 Src/stm32f7xx_it.o
 .debug_abbrev  0x00000000000011aa      0x147 Src/system_stm32f7xx.o
 .debug_abbrev  0x00000000000012f1       0x12 Startup/startup_stm32f767zitx.o

.debug_aranges  0x0000000000000000      0x950
 .debug_aranges
                0x0000000000000000      0x110 Drivers/STM32F7xx_HAL_Driver/Src/stm32f7xx_hal.o
 .debug_aranges
                0x0000000000000110      0x118 Drivers/STM32F7xx_HAL_Driver/Src/stm32f7xx_hal_cortex.o
 .debug_aranges
                0x0000000000000228       0x58 Drivers/STM32F7xx_HAL_Driver/Src/stm32f7xx_hal_gpio.o
 .debug_aranges
                0x0000000000000280       0x88 Drivers/STM32F7xx_HAL_Driver/Src/stm32f7xx_hal_rcc.o
 .debug_aranges
                0x0000000000000308      0x3b8 Drivers/STM32F7xx_HAL_Driver/Src/stm32f7xx_hal_tim.o
 .debug_aranges
                0x00000000000006c0      0x168 Drivers/STM32F7xx_HAL_Driver/Src/stm32f7xx_hal_tim_ex.o
 .debug_aranges
                0x0000000000000828       0x48 Src/main.o
 .debug_aranges
                0x0000000000000870       0x30 Src/stm32f7xx_hal_msp.o
 .debug_aranges
                0x00000000000008a0       0x60 Src/stm32f7xx_it.o
 .debug_aranges
                0x0000000000000900       0x28 Src/system_stm32f7xx.o
 .debug_aranges
                0x0000000000000928       0x28 Startup/startup_stm32f767zitx.o

.debug_ranges   0x0000000000000000      0x8a8
 .debug_ranges  0x0000000000000000      0x100 Drivers/STM32F7xx_HAL_Driver/Src/stm32f7xx_hal.o
 .debug_ranges  0x0000000000000100      0x108 Drivers/STM32F7xx_HAL_Driver/Src/stm32f7xx_hal_cortex.o
 .debug_ranges  0x0000000000000208       0x48 Drivers/STM32F7xx_HAL_Driver/Src/stm32f7xx_hal_gpio.o
 .debug_ranges  0x0000000000000250       0x78 Drivers/STM32F7xx_HAL_Driver/Src/stm32f7xx_hal_rcc.o
 .debug_ranges  0x00000000000002c8      0x3a8 Drivers/STM32F7xx_HAL_Driver/Src/stm32f7xx_hal_tim.o
 .debug_ranges  0x0000000000000670      0x158 Drivers/STM32F7xx_HAL_Driver/Src/stm32f7xx_hal_tim_ex.o
 .debug_ranges  0x00000000000007c8       0x38 Src/main.o
 .debug_ranges  0x0000000000000800       0x20 Src/stm32f7xx_hal_msp.o
 .debug_ranges  0x0000000000000820       0x50 Src/stm32f7xx_it.o
 .debug_ranges  0x0000000000000870       0x18 Src/system_stm32f7xx.o
 .debug_ranges  0x0000000000000888       0x20 Startup/startup_stm32f767zitx.o

.debug_macro    0x0000000000000000    0x25363
 .debug_macro   0x0000000000000000      0x1f3 Drivers/STM32F7xx_HAL_Driver/Src/stm32f7xx_hal.o
 .debug_macro   0x00000000000001f3      0xa66 Drivers/STM32F7xx_HAL_Driver/Src/stm32f7xx_hal.o
 .debug_macro   0x0000000000000c59      0x183 Drivers/STM32F7xx_HAL_Driver/Src/stm32f7xx_hal.o
 .debug_macro   0x0000000000000ddc       0x2e Drivers/STM32F7xx_HAL_Driver/Src/stm32f7xx_hal.o
 .debug_macro   0x0000000000000e0a       0x3b Drivers/STM32F7xx_HAL_Driver/Src/stm32f7xx_hal.o
 .debug_macro   0x0000000000000e45       0x22 Drivers/STM32F7xx_HAL_Driver/Src/stm32f7xx_hal.o
 .debug_macro   0x0000000000000e67       0x8e Drivers/STM32F7xx_HAL_Driver/Src/stm32f7xx_hal.o
 .debug_macro   0x0000000000000ef5       0x51 Drivers/STM32F7xx_HAL_Driver/Src/stm32f7xx_hal.o
 .debug_macro   0x0000000000000f46       0xef Drivers/STM32F7xx_HAL_Driver/Src/stm32f7xx_hal.o
 .debug_macro   0x0000000000001035       0x6a Drivers/STM32F7xx_HAL_Driver/Src/stm32f7xx_hal.o
 .debug_macro   0x000000000000109f      0x1df Drivers/STM32F7xx_HAL_Driver/Src/stm32f7xx_hal.o
 .debug_macro   0x000000000000127e       0x1c Drivers/STM32F7xx_HAL_Driver/Src/stm32f7xx_hal.o
 .debug_macro   0x000000000000129a       0x22 Drivers/STM32F7xx_HAL_Driver/Src/stm32f7xx_hal.o
 .debug_macro   0x00000000000012bc       0xdf Drivers/STM32F7xx_HAL_Driver/Src/stm32f7xx_hal.o
 .debug_macro   0x000000000000139b     0x12cd Drivers/STM32F7xx_HAL_Driver/Src/stm32f7xx_hal.o
 .debug_macro   0x0000000000002668      0x11f Drivers/STM32F7xx_HAL_Driver/Src/stm32f7xx_hal.o
 .debug_macro   0x0000000000002787       0x19 Drivers/STM32F7xx_HAL_Driver/Src/stm32f7xx_hal.o
 .debug_macro   0x00000000000027a0    0x1a029 Drivers/STM32F7xx_HAL_Driver/Src/stm32f7xx_hal.o
 .debug_macro   0x000000000001c7c9       0x43 Drivers/STM32F7xx_HAL_Driver/Src/stm32f7xx_hal.o
 .debug_macro   0x000000000001c80c     0x363d Drivers/STM32F7xx_HAL_Driver/Src/stm32f7xx_hal.o
 .debug_macro   0x000000000001fe49      0x174 Drivers/STM32F7xx_HAL_Driver/Src/stm32f7xx_hal.o
 .debug_macro   0x000000000001ffbd       0x61 Drivers/STM32F7xx_HAL_Driver/Src/stm32f7xx_hal.o
 .debug_macro   0x000000000002001e     0x1add Drivers/STM32F7xx_HAL_Driver/Src/stm32f7xx_hal.o
 .debug_macro   0x0000000000021afb      0x6c4 Drivers/STM32F7xx_HAL_Driver/Src/stm32f7xx_hal.o
 .debug_macro   0x00000000000221bf      0x109 Drivers/STM32F7xx_HAL_Driver/Src/stm32f7xx_hal.o
 .debug_macro   0x00000000000222c8      0x117 Drivers/STM32F7xx_HAL_Driver/Src/stm32f7xx_hal.o
 .debug_macro   0x00000000000223df      0x26f Drivers/STM32F7xx_HAL_Driver/Src/stm32f7xx_hal.o
 .debug_macro   0x000000000002264e       0x27 Drivers/STM32F7xx_HAL_Driver/Src/stm32f7xx_hal.o
 .debug_macro   0x0000000000022675      0x24f Drivers/STM32F7xx_HAL_Driver/Src/stm32f7xx_hal.o
 .debug_macro   0x00000000000228c4       0x71 Drivers/STM32F7xx_HAL_Driver/Src/stm32f7xx_hal.o
 .debug_macro   0x0000000000022935       0x58 Drivers/STM32F7xx_HAL_Driver/Src/stm32f7xx_hal.o
 .debug_macro   0x000000000002298d      0x236 Drivers/STM32F7xx_HAL_Driver/Src/stm32f7xx_hal.o
 .debug_macro   0x0000000000022bc3      0x14f Drivers/STM32F7xx_HAL_Driver/Src/stm32f7xx_hal.o
 .debug_macro   0x0000000000022d12      0x3dc Drivers/STM32F7xx_HAL_Driver/Src/stm32f7xx_hal.o
 .debug_macro   0x00000000000230ee       0x12 Drivers/STM32F7xx_HAL_Driver/Src/stm32f7xx_hal.o
 .debug_macro   0x0000000000023100      0x22c Drivers/STM32F7xx_HAL_Driver/Src/stm32f7xx_hal.o
 .debug_macro   0x000000000002332c       0x61 Drivers/STM32F7xx_HAL_Driver/Src/stm32f7xx_hal.o
 .debug_macro   0x000000000002338d       0xa5 Drivers/STM32F7xx_HAL_Driver/Src/stm32f7xx_hal.o
 .debug_macro   0x0000000000023432      0x12f Drivers/STM32F7xx_HAL_Driver/Src/stm32f7xx_hal.o
 .debug_macro   0x0000000000023561      0x108 Drivers/STM32F7xx_HAL_Driver/Src/stm32f7xx_hal.o
 .debug_macro   0x0000000000023669       0x35 Drivers/STM32F7xx_HAL_Driver/Src/stm32f7xx_hal.o
 .debug_macro   0x000000000002369e      0x9f0 Drivers/STM32F7xx_HAL_Driver/Src/stm32f7xx_hal.o
 .debug_macro   0x000000000002408e       0xa9 Drivers/STM32F7xx_HAL_Driver/Src/stm32f7xx_hal.o
 .debug_macro   0x0000000000024137      0x15c Drivers/STM32F7xx_HAL_Driver/Src/stm32f7xx_hal.o
 .debug_macro   0x0000000000024293      0x1cf Drivers/STM32F7xx_HAL_Driver/Src/stm32f7xx_hal_cortex.o
 .debug_macro   0x0000000000024462      0x205 Drivers/STM32F7xx_HAL_Driver/Src/stm32f7xx_hal_gpio.o
 .debug_macro   0x0000000000024667      0x1f3 Drivers/STM32F7xx_HAL_Driver/Src/stm32f7xx_hal_rcc.o
 .debug_macro   0x000000000002485a      0x1d0 Drivers/STM32F7xx_HAL_Driver/Src/stm32f7xx_hal_tim.o
 .debug_macro   0x0000000000024a2a      0x1cf Drivers/STM32F7xx_HAL_Driver/Src/stm32f7xx_hal_tim_ex.o
 .debug_macro   0x0000000000024bf9      0x1d9 Src/main.o
 .debug_macro   0x0000000000024dd2      0x1d9 Src/stm32f7xx_hal_msp.o
 .debug_macro   0x0000000000024fab      0x1e3 Src/stm32f7xx_it.o
 .debug_macro   0x000000000002518e      0x1d5 Src/system_stm32f7xx.o

.debug_line     0x0000000000000000     0x682c
 .debug_line    0x0000000000000000      0x8d9 Drivers/STM32F7xx_HAL_Driver/Src/stm32f7xx_hal.o
 .debug_line    0x00000000000008d9      0x9b9 Drivers/STM32F7xx_HAL_Driver/Src/stm32f7xx_hal_cortex.o
 .debug_line    0x0000000000001292      0x89d Drivers/STM32F7xx_HAL_Driver/Src/stm32f7xx_hal_gpio.o
 .debug_line    0x0000000000001b2f      0x92b Drivers/STM32F7xx_HAL_Driver/Src/stm32f7xx_hal_rcc.o
 .debug_line    0x000000000000245a     0x19bd Drivers/STM32F7xx_HAL_Driver/Src/stm32f7xx_hal_tim.o
 .debug_line    0x0000000000003e17      0xd6c Drivers/STM32F7xx_HAL_Driver/Src/stm32f7xx_hal_tim_ex.o
 .debug_line    0x0000000000004b83      0x777 Src/main.o
 .debug_line    0x00000000000052fa      0x6d8 Src/stm32f7xx_hal_msp.o
 .debug_line    0x00000000000059d2      0x72f Src/stm32f7xx_it.o
 .debug_line    0x0000000000006101      0x6aa Src/system_stm32f7xx.o
 .debug_line    0x00000000000067ab       0x81 Startup/startup_stm32f767zitx.o

.debug_str      0x0000000000000000    0xeb66c
 .debug_str     0x0000000000000000    0xe91c3 Drivers/STM32F7xx_HAL_Driver/Src/stm32f7xx_hal.o
                                      0xe9976 (size before relaxing)
 .debug_str     0x00000000000e91c3      0x4b1 Drivers/STM32F7xx_HAL_Driver/Src/stm32f7xx_hal_cortex.o
                                      0xe99ef (size before relaxing)
 .debug_str     0x00000000000e9674      0x2cf Drivers/STM32F7xx_HAL_Driver/Src/stm32f7xx_hal_gpio.o
                                      0xe91d0 (size before relaxing)
 .debug_str     0x00000000000e9943      0x3c0 Drivers/STM32F7xx_HAL_Driver/Src/stm32f7xx_hal_rcc.o
                                      0xe9323 (size before relaxing)
 .debug_str     0x00000000000e9d03     0x118c Drivers/STM32F7xx_HAL_Driver/Src/stm32f7xx_hal_tim.o
                                      0xea086 (size before relaxing)
 .debug_str     0x00000000000eae8f      0x601 Drivers/STM32F7xx_HAL_Driver/Src/stm32f7xx_hal_tim_ex.o
                                      0xe9999 (size before relaxing)
 .debug_str     0x00000000000eb490       0x71 Src/main.o
                                      0xe9580 (size before relaxing)
 .debug_str     0x00000000000eb501       0x28 Src/stm32f7xx_hal_msp.o
                                      0xe93c1 (size before relaxing)
 .debug_str     0x00000000000eb529       0xb8 Src/stm32f7xx_it.o
                                      0xe8e16 (size before relaxing)
 .debug_str     0x00000000000eb5e1       0x5a Src/system_stm32f7xx.o
                                      0xe8ff5 (size before relaxing)
 .debug_str     0x00000000000eb63b       0x31 Startup/startup_stm32f767zitx.o
                                         0x59 (size before relaxing)

.comment        0x0000000000000000       0x7b
 .comment       0x0000000000000000       0x7b Drivers/STM32F7xx_HAL_Driver/Src/stm32f7xx_hal.o
                                         0x7c (size before relaxing)
 .comment       0x000000000000007b       0x7c Drivers/STM32F7xx_HAL_Driver/Src/stm32f7xx_hal_cortex.o
 .comment       0x000000000000007b       0x7c Drivers/STM32F7xx_HAL_Driver/Src/stm32f7xx_hal_gpio.o
 .comment       0x000000000000007b       0x7c Drivers/STM32F7xx_HAL_Driver/Src/stm32f7xx_hal_rcc.o
 .comment       0x000000000000007b       0x7c Drivers/STM32F7xx_HAL_Driver/Src/stm32f7xx_hal_tim.o
 .comment       0x000000000000007b       0x7c Drivers/STM32F7xx_HAL_Driver/Src/stm32f7xx_hal_tim_ex.o
 .comment       0x000000000000007b       0x7c Src/main.o
 .comment       0x000000000000007b       0x7c Src/stm32f7xx_hal_msp.o
 .comment       0x000000000000007b       0x7c Src/stm32f7xx_it.o
 .comment       0x000000000000007b       0x7c Src/system_stm32f7xx.o

.debug_frame    0x0000000000000000     0x26bc
 .debug_frame   0x0000000000000000      0x3f4 Drivers/STM32F7xx_HAL_Driver/Src/stm32f7xx_hal.o
 .debug_frame   0x00000000000003f4      0x498 Drivers/STM32F7xx_HAL_Driver/Src/stm32f7xx_hal_cortex.o
 .debug_frame   0x000000000000088c      0x14c Drivers/STM32F7xx_HAL_Driver/Src/stm32f7xx_hal_gpio.o
 .debug_frame   0x00000000000009d8      0x1f4 Drivers/STM32F7xx_HAL_Driver/Src/stm32f7xx_hal_rcc.o
 .debug_frame   0x0000000000000bcc     0x1144 Drivers/STM32F7xx_HAL_Driver/Src/stm32f7xx_hal_tim.o
 .debug_frame   0x0000000000001d10      0x638 Drivers/STM32F7xx_HAL_Driver/Src/stm32f7xx_hal_tim_ex.o
 .debug_frame   0x0000000000002348       0xe4 Src/main.o
 .debug_frame   0x000000000000242c       0x80 Src/stm32f7xx_hal_msp.o
 .debug_frame   0x00000000000024ac      0x10c Src/stm32f7xx_it.o
 .debug_frame   0x00000000000025b8       0x58 Src/system_stm32f7xx.o
 .debug_frame   0x0000000000002610       0x2c /opt/st/stm32cubeide_1.0.2/plugins/com.st.stm32cube.ide.mcu.externaltools.gnu-tools-for-stm32.7-2018-q2-update.linux64_1.0.0.201904181610/tools/bin/../lib/gcc/arm-none-eabi/7.3.1/../../../../arm-none-eabi/lib/thumb/v7e-m/fpv5/hard/libc_nano.a(lib_a-init.o)
 .debug_frame   0x000000000000263c       0x20 /opt/st/stm32cubeide_1.0.2/plugins/com.st.stm32cube.ide.mcu.externaltools.gnu-tools-for-stm32.7-2018-q2-update.linux64_1.0.0.201904181610/tools/bin/../lib/gcc/arm-none-eabi/7.3.1/../../../../arm-none-eabi/lib/thumb/v7e-m/fpv5/hard/libc_nano.a(lib_a-memset.o)
 .debug_frame   0x000000000000265c       0x2c /opt/st/stm32cubeide_1.0.2/plugins/com.st.stm32cube.ide.mcu.externaltools.gnu-tools-for-stm32.7-2018-q2-update.linux64_1.0.0.201904181610/tools/bin/../lib/gcc/arm-none-eabi/7.3.1/thumb/v7e-m/fpv5/hard/libgcc.a(_aeabi_uldivmod.o)
 .debug_frame   0x0000000000002688       0x34 /opt/st/stm32cubeide_1.0.2/plugins/com.st.stm32cube.ide.mcu.externaltools.gnu-tools-for-stm32.7-2018-q2-update.linux64_1.0.0.201904181610/tools/bin/../lib/gcc/arm-none-eabi/7.3.1/thumb/v7e-m/fpv5/hard/libgcc.a(_udivmoddi4.o)
